// Jest Snapshot v1, https://goo.gl/fbAQLP

exports[`<Button /> should render default button 1`] = `
<button
  class="relative flex items-center py-2 px-8 rounded-md hover:cursor-pointer shadow-sm focus:outline-none focus-visible:ring focus-visible:ring-primary-500 text-sm font-medium transition-colors duration-75 min-h-[48px] disabled:cursor-not-allowed bg-primary-500 text-white hover:bg-primary-400 disabled:bg-primary-200 disabled:hover:bg-primary-200"
  type="button"
>
  Sign In
</button>
`;
