// Jest Snapshot v1, https://goo.gl/fbAQLP

exports[`<Header /> should render the heading 1`] = `
<h1>
  Header
</h1>
`;
