// Jest Snapshot v1, https://goo.gl/fbAQLP

exports[`<Link /> should render the heading 1`] = `
<h1>
  Link
</h1>
`;
